[02-Dec-2025 14:52:49 UTC] PHP Fatal error:  Uncaught mysqli_sql_exception: Unknown column 'nama_mapel' in 'field list' in C:\laragon\www\webneoblue\api\api_materi_tryout.php:29
Stack trace:
#0 C:\laragon\www\webneoblue\api\api_materi_tryout.php(29): mysqli->prepare('SELECT id, nama...')
#1 {main}
  thrown in C:\laragon\www\webneoblue\api\api_materi_tryout.php on line 29
[02-Dec-2025 14:52:51 UTC] PHP Fatal error:  Uncaught mysqli_sql_exception: Unknown column 'nama_mapel' in 'field list' in C:\laragon\www\webneoblue\api\api_materi_tryout.php:29
Stack trace:
#0 C:\laragon\www\webneoblue\api\api_materi_tryout.php(29): mysqli->prepare('SELECT id, nama...')
#1 {main}
  thrown in C:\laragon\www\webneoblue\api\api_materi_tryout.php on line 29
[02-Dec-2025 14:52:52 UTC] PHP Fatal error:  Uncaught mysqli_sql_exception: Unknown column 'nama_mapel' in 'field list' in C:\laragon\www\webneoblue\api\api_materi_tryout.php:29
Stack trace:
#0 C:\laragon\www\webneoblue\api\api_materi_tryout.php(29): mysqli->prepare('SELECT id, nama...')
#1 {main}
  thrown in C:\laragon\www\webneoblue\api\api_materi_tryout.php on line 29
[02-Dec-2025 14:54:09 UTC] PHP Fatal error:  Uncaught mysqli_sql_exception: Unknown column 'nama_mapel' in 'field list' in C:\laragon\www\webneoblue\api\api_materi_tryout.php:29
Stack trace:
#0 C:\laragon\www\webneoblue\api\api_materi_tryout.php(29): mysqli->prepare('SELECT id, nama...')
#1 {main}
  thrown in C:\laragon\www\webneoblue\api\api_materi_tryout.php on line 29
[02-Dec-2025 14:54:25 UTC] PHP Fatal error:  Uncaught mysqli_sql_exception: Unknown column 'nama_mapel' in 'field list' in C:\laragon\www\webneoblue\api\api_materi_tryout.php:29
Stack trace:
#0 C:\laragon\www\webneoblue\api\api_materi_tryout.php(29): mysqli->prepare('SELECT id, nama...')
#1 {main}
  thrown in C:\laragon\www\webneoblue\api\api_materi_tryout.php on line 29
[02-Dec-2025 17:02:44 UTC] [api_submit_tryout] Using fallback user_id from JSON: 56
[02-Dec-2025 17:03:05 UTC] [api_submit_tryout] Using fallback user_id from JSON: 56
[02-Dec-2025 17:06:07 UTC] [api_submit_tryout] Using fallback user_id from JSON: 56
[02-Dec-2025 17:10:29 UTC] [api_submit_tryout] Using fallback user_id from JSON: 56
[02-Dec-2025 17:11:24 UTC] [api_submit_tryout] Using fallback user_id from JSON: 56
[02-Dec-2025 17:15:39 UTC] [api_submit_tryout] Using fallback user_id from JSON: 56
[02-Dec-2025 17:18:59 UTC] [api_submit_tryout] Using fallback user_id from JSON: 56
[02-Dec-2025 17:19:22 UTC] [api_submit_tryout] Using fallback user_id from JSON: 56
[02-Dec-2025 17:21:34 UTC] [api_submit_tryout] Using fallback user_id from JSON: 56
[02-Dec-2025 17:22:04 UTC] [api_submit_tryout] Using fallback user_id from JSON: 56
[02-Dec-2025 17:28:24 UTC] [api_submit_tryout] Using fallback user_id from JSON: 56
[02-Dec-2025 17:28:33 UTC] [api_submit_tryout] Using fallback user_id from JSON: 56
[02-Dec-2025 17:31:09 UTC] [api_submit_tryout] Using fallback user_id from JSON: 56
[02-Dec-2025 18:07:33 UTC] [api_submit_tryout] Using fallback user_id from JSON: 56
[02-Dec-2025 18:58:36 UTC] [api_submit_tryout] Using fallback user_id from JSON: 2
[03-Dec-2025 03:26:15 UTC] [api_submit_tryout] Using fallback user_id from JSON: 2
[03-Dec-2025 12:44:33 UTC] [api_submit_tryout] Using fallback user_id from JSON: 48
[03-Dec-2025 15:56:42 UTC] [api_submit_tryout] Using fallback user_id from JSON: 48
[03-Dec-2025 16:11:16 UTC] [api_submit_tryout] Using fallback user_id from JSON: 2
[03-Dec-2025 16:44:51 UTC] [api_submit_tryout] Using fallback user_id from JSON: 2
[03-Dec-2025 16:45:55 UTC] [api_submit_tryout] Using fallback user_id from JSON: 2
[03-Dec-2025 17:57:56 UTC] [api_submit_tryout] Using fallback user_id from JSON: 2
[03-Dec-2025 18:56:05 UTC] [api_submit_tryout] Using fallback user_id from JSON: 48
[03-Dec-2025 18:57:24 UTC] [api_submit_tryout] Using fallback user_id from JSON: 48
[03-Dec-2025 19:00:28 UTC] [api_submit_tryout] Using fallback user_id from JSON: 48
[03-Dec-2025 19:05:11 UTC] [api_submit_tryout] Using fallback user_id from JSON: 48
[04-Dec-2025 02:26:58 UTC] [api_submit_tryout] Using fallback user_id from JSON: 60
[05-Dec-2025 17:15:31 UTC] [api_submit_tryout] Using fallback user_id from JSON: 13
